// Jest Snapshot v1, https://goo.gl/fbAQLP

exports[`DataTableHeaderRow should be rendered correctly 1`] = `
<div
  className="container uui-table-row-container root root uui-table-header-row container align-items-center"
  role="row"
  style={
    Object {
      "columnGap": undefined,
      "minWidth": "0px",
      "rowGap": undefined,
    }
  }
>
  <div
    className="section scrollingSection uui-table-scrolling-section"
    style={
      Object {
        "--uui-dt-cell-border-width": "1px",
        "flex": "1 0 0px",
        "minWidth": "0px",
      }
    }
  />
</div>
`;

exports[`DataTableHeaderRow should be rendered correctly 2`] = `
<div
  className="container uui-table-row-container root root uui-table-header-row container align-items-center"
  role="row"
  style={
    Object {
      "columnGap": undefined,
      "minWidth": "0px",
      "rowGap": undefined,
    }
  }
>
  <div
    className="section scrollingSection uui-table-scrolling-section"
    style={
      Object {
        "--uui-dt-cell-border-width": "1px",
        "flex": "1 0 0px",
        "minWidth": "0px",
      }
    }
  />
</div>
`;
