// Jest Snapshot v1, https://goo.gl/fbAQLP

exports[`DataTable should be rendered correctly 1`] = `
<div
  className="root scrollContainer table"
  cx="scrollContainer table"
  style={
    Object {
      "display": "flex",
      "height": "100%",
      "overflow": "hidden",
      "position": "relative",
      "width": "100%",
    }
  }
>
  <div
    aria-colcount={0}
    role="table"
    style={
      Object {
        "WebkitOverflowScrolling": "touch",
        "bottom": 0,
        "display": "flex",
        "flex": "1 1 auto",
        "flexDirection": "column",
        "left": 0,
        "marginBottom": 0,
        "marginRight": 0,
        "overflow": "scroll",
        "position": "relative",
        "right": 0,
        "top": 0,
      }
    }
  >
    <div
      className="stickyHeader"
    >
      <div
        className="container uui-table-row-container root root uui-table-header-row container align-items-center"
        role="row"
        style={
          Object {
            "columnGap": undefined,
            "minWidth": "0px",
            "rowGap": undefined,
          }
        }
      >
        <div
          className="section scrollingSection uui-table-scrolling-section"
          style={
            Object {
              "--uui-dt-cell-border-width": "1px",
              "flex": "1 0 0px",
              "minWidth": "0px",
            }
          }
        />
      </div>
      <div
        className="uui-scroll-shadow-top"
      />
    </div>
    <div
      className="listContainer"
      style={
        Object {
          "minHeight": "0px",
        }
      }
    >
      <div
        role="rowgroup"
        style={
          Object {
            "marginTop": 0,
          }
        }
      />
    </div>
  </div>
  <div
    className="uui-track-horizontal"
    style={
      Object {
        "display": "none",
        "height": 6,
        "position": "absolute",
      }
    }
  >
    <div
      className="uui-thumb-horizontal"
    />
  </div>
  <div
    className="uui-track-vertical"
    style={
      Object {
        "display": "none",
        "position": "absolute",
        "width": 6,
      }
    }
  >
    <div
      className="uui-thumb-vertical"
    />
  </div>
</div>
`;
