// Jest Snapshot v1, https://goo.gl/fbAQLP

exports[`DataTableRow should be rendered correctly 1`] = `
<div
  className="container uui-table-row-container uui-table-row root uui-dt-row-border size-36 container align-items-center"
  role="row"
  style={
    Object {
      "columnGap": undefined,
      "minWidth": "95px",
      "rowGap": undefined,
    }
  }
>
  <div
    className="section scrollingSection uui-table-scrolling-section"
    style={
      Object {
        "--uui-dt-cell-border-width": "1px",
        "flex": "1 0 95px",
        "minWidth": "95px",
      }
    }
  >
    <div
      className="uui-table-cell cell data-table-cell cell size-36 padding-12 padding-left-24 padding-right-24 align-widgets-top"
      role="cell"
      style={
        Object {
          "alignSelf": undefined,
          "flexBasis": "96px",
          "flexGrow": 0,
          "flexShrink": undefined,
          "minWidth": "96px",
          "textAlign": undefined,
        }
      }
    >
      <div
        className="contentWrapper"
        style={
          Object {
            "alignSelf": undefined,
            "justifyContent": undefined,
            "textAlign": undefined,
          }
        }
      >
        <div />
      </div>
    </div>
  </div>
</div>
`;
