// Jest Snapshot v1, https://goo.gl/fbAQLP

exports[`PresetInput should render correctly 1`] = `
<div
  className="flexCell presetInputCell"
  style={
    Object {
      "alignSelf": undefined,
      "flexBasis": "0",
      "flexGrow": undefined,
      "flexShrink": undefined,
      "minWidth": "180px",
      "textAlign": undefined,
    }
  }
>
  <div
    className="container uui-input-box -clickable root size-36 mode-form presetInput"
    onBlur={[Function]}
    onFocus={[Function]}
    tabIndex={-1}
  >
    <input
      autoFocus={true}
      className="uui-input"
      onChange={[Function]}
      onKeyDown={[Function]}
      tabIndex={0}
      type="text"
      value=""
    />
  </div>
</div>
`;
