// Jest Snapshot v1, https://goo.gl/fbAQLP

exports[`Badge should be rendered correctly 1`] = `
<button
  className="container uui-button-box uui-enabled root root size-18 fill-solid badge-sky style-square fill-solid size-18 root"
  onClick={[Function]}
  tabIndex={-1}
  type="button"
/>
`;

exports[`Badge should be rendered correctly with props 1`] = `
<button
  className="container uui-button-box uui-enabled -clickable root root size-12 fill-light badge-sky style-square fill-light size-12 root"
  onClick={[Function]}
  tabIndex={0}
  type="button"
>
  <div
    className="container uui-icon uui-enabled -clickable"
    onClick={[MockFunction]}
    style={Object {}}
  >
    <svg
      className=""
    />
  </div>
  <div
    className="uui-count"
  >
    12
  </div>
  <div
    className="uui-caption"
  >
    Test badge
  </div>
  <div
    className="container uui-icon uui-enabled -clickable -clickable"
    onClick={[MockFunction]}
    style={Object {}}
  >
    <svg
      className=""
    />
  </div>
</button>
`;
