// Jest Snapshot v1, https://goo.gl/fbAQLP

exports[`Tag should render with all new props 1`] = `
<button
  className="container uui-button-box uui-enabled -clickable size-24 root root fill-white"
  onClick={[Function]}
  tabIndex={0}
  type="button"
>
  <div
    className="container uui-icon uui-enabled -clickable"
    onClick={[MockFunction]}
    style={Object {}}
  >
    <svg
      className=""
    />
  </div>
  <div
    className="uui-count"
  >
    12
  </div>
  <div
    className="uui-caption"
  >
    Test tag
  </div>
  <div
    className="container uui-icon uui-enabled -clickable -clickable"
    onClick={[MockFunction]}
    style={Object {}}
  >
    <svg
      className=""
    />
  </div>
</button>
`;

exports[`Tag should render with default props 1`] = `
<button
  className="container uui-button-box uui-enabled size-18 root root fill-solid"
  onClick={[Function]}
  tabIndex={-1}
  type="button"
/>
`;
