// Jest Snapshot v1, https://goo.gl/fbAQLP

exports[`BurgerButton should be rendered correctly 1`] = `
<button
  className="container uui-button-box uui-enabled root button-primary indent-0"
  onClick={[Function]}
  tabIndex={-1}
  type="button"
/>
`;

exports[`BurgerButton should be rendered correctly 2`] = `
<a
  className="container uui-button-box uui-enabled -clickable root button-secondary indent-0 dropdown hasIcon"
  href="#"
  onClick={[Function]}
  rel="noopener noreferrer"
  role="link"
  tabIndex={0}
  target="_blank"
>
  <div
    className="container uui-icon uui-enabled"
    style={Object {}}
  >
    <svg
      className=""
    />
  </div>
  <div
    className="container uui-icon uui-enabled"
    style={Object {}}
  >
    <svg
      className=""
    />
  </div>
  <div
    className="uui-caption"
  >
    Test button
  </div>
</a>
`;
