// Jest Snapshot v1, https://goo.gl/fbAQLP

exports[`Alert should be rendered correctly 1`] = `
<div
  className="alertWrapper alert-sky root"
  role="alert"
>
  <div
    className="mainPath"
  >
    <div
      className="content"
    />
  </div>
</div>
`;

exports[`Alert should be rendered correctly with props 1`] = `
<div
  className="alertWrapper alert-sun root root"
  role="alert"
>
  <div
    className="mainPath"
  >
    <div
      className="iconWrapper"
    >
      <div
        className="container uui-icon uui-enabled actionIcon"
        style={Object {}}
      >
        <svg
          className=""
        />
      </div>
    </div>
    <div
      className="content"
    >
      <div
        className="actionWrapper"
      >
        <button
          className="container uui-button-box uui-enabled -clickable root size-30 uui-no-left-icon uui-no-right-icon actionLink"
          onClick={[Function]}
          tabIndex={0}
          type="button"
        >
          <div
            className="uui-caption"
          >
            test
          </div>
        </button>
      </div>
    </div>
    <button
      className="container uui-button-box uui-enabled -clickable icon-button-default root closeIcon"
      onClick={[Function]}
      tabIndex={0}
      type="button"
    >
      <div
        className="container uui-icon uui-enabled"
        style={Object {}}
      >
        <svg
          className=""
        />
      </div>
    </button>
  </div>
</div>
`;
